// Jest Snapshot v1, https://goo.gl/fbAQLP

exports[`runPa11y works 1`] = `
Object {
  "issueCount": 1,
  "report": "
[4mResults for file: ./tests/runPa11y/publishDir/index.html[24m

[31m â€¢ Error:[39m Img element missing an alt attribute. Use the alt attribute to specify a short text alternative.
[90mâ”œâ”€â”€ WCAG2AA.Principle1.Guideline1_1.1_1_1.H37[39m
[90mâ”œâ”€â”€ html > body > img[39m
[90mâ””â”€â”€ <img src=\\"https://placekitten.com/200/300\\">[39m

[31m1 Error[39m
",
}
`;
