// Jest Snapshot v1, https://goo.gl/fbAQLP

exports[`generateFilePaths works 1`] = `
Array [
  "tests/generateFilePaths/publishDir/blog/post1.html",
  "tests/generateFilePaths/publishDir/blog/post2.html",
  "tests/generateFilePaths/publishDir/about.html",
]
`;
